// Jest Snapshot v1, https://goo.gl/fbAQLP

exports[`Storyshots ProgressBar Default 1`] = `
<div
  className="sc-dnqmqq iPngYN"
>
  <div
    style={
      Object {
        "width": "260px",
      }
    }
  >
    <h3
      className="sc-iwsKbI kghVKP"
    >
      Smaller
    </h3>
    <div
      className="sc-bdVaJa elpbvZ sc-progressbar"
    >
      <div
        className="sc-EHOje kvGeEx"
      >
        <span
          className="sc-htpNat kJKoKL sc-progressbar-topLeftLabel"
        >
          50%
        </span>
        <span
          className="sc-bxivhb loHrXM sc-progressbar-toprightlabel"
        >
          100GB Total
        </span>
      </div>
      <div
        className="sc-bwzfXH idGPbB sc-progressbarcontainer"
        size="smaller"
      >
        <div
          className="sc-gzVnrw iOmtUz"
          width={50}
        />
        <span
          className="sc-htoDjs fuCEEC"
        >
          50%
        </span>
      </div>
      <div
        className="sc-EHOje sc-bZQynM dgHRVU"
      >
        <span
          className="sc-ifAKCX jaBuUH sc-progressbar-bottomleftlabel"
        >
          50GB Used
        </span>
        <span
          className="sc-ifAKCX jaBuUH sc-progressbar-bottomrightlabel"
        >
          50GB Free
        </span>
      </div>
    </div>
    <h3
      className="sc-iwsKbI kghVKP"
    >
      Base
    </h3>
    <div
      className="sc-bdVaJa elpbvZ sc-progressbar"
    >
      <div
        className="sc-EHOje kvGeEx"
      >
        <span
          className="sc-htpNat kJKoKL sc-progressbar-topLeftLabel"
        >
          Usage
        </span>
        <span
          className="sc-bxivhb loHrXM sc-progressbar-toprightlabel"
        >
          50%
        </span>
      </div>
      <div
        className="sc-bwzfXH iXyyMs sc-progressbarcontainer"
        size="base"
      >
        <div
          className="sc-gzVnrw iOmtUz"
          width={50}
        />
        <span
          className="sc-htoDjs fuCEEC"
        >
          50%
        </span>
      </div>
      <div
        className="sc-EHOje sc-bZQynM dgHRVU"
      >
        <span
          className="sc-ifAKCX jaBuUH sc-progressbar-bottomleftlabel"
        >
          5.17TB STORED - 13TB USED
        </span>
        <span
          className="sc-ifAKCX jaBuUH sc-progressbar-bottomrightlabel"
        >
          12.9TB FREE - 25.83TB TOTAL
        </span>
      </div>
    </div>
    <h3
      className="sc-iwsKbI kghVKP"
    >
      Large
    </h3>
    <div
      className="sc-bdVaJa elpbvZ sc-progressbar"
    >
      <div
        className="sc-EHOje kvGeEx"
      >
        <span
          className="sc-htpNat kJKoKL sc-progressbar-topLeftLabel"
        >
          50%
        </span>
        <span
          className="sc-bxivhb loHrXM sc-progressbar-toprightlabel"
        >
          100GB Total
        </span>
      </div>
      <div
        className="sc-bwzfXH AeOY sc-progressbarcontainer"
        size="large"
      >
        <div
          className="sc-gzVnrw iOmtUz"
          width={50}
        />
        <span
          className="sc-htoDjs fuCEEC"
        >
          50%
        </span>
      </div>
      <div
        className="sc-EHOje sc-bZQynM dgHRVU"
      >
        <span
          className="sc-ifAKCX jaBuUH sc-progressbar-bottomleftlabel"
        >
          50GB Used
        </span>
        <span
          className="sc-ifAKCX jaBuUH sc-progressbar-bottomrightlabel"
        >
          50GB Free
        </span>
      </div>
    </div>
    <h3
      className="sc-iwsKbI kghVKP"
    >
      Larger
    </h3>
    <div
      className="sc-bdVaJa elpbvZ sc-progressbar"
    >
      <div
        className="sc-EHOje kvGeEx"
      >
        <span
          className="sc-htpNat kJKoKL sc-progressbar-topLeftLabel"
        >
          50%
        </span>
        <span
          className="sc-bxivhb loHrXM sc-progressbar-toprightlabel"
        >
          100GB Total
        </span>
      </div>
      <div
        className="sc-bwzfXH gbmaUX sc-progressbarcontainer"
        size="larger"
      >
        <div
          className="sc-gzVnrw iOmtUz"
          width={50}
        />
        <span
          className="sc-htoDjs fuCEEC"
        >
          50%
        </span>
      </div>
      <div
        className="sc-EHOje sc-bZQynM dgHRVU"
      >
        <span
          className="sc-ifAKCX jaBuUH sc-progressbar-bottomleftlabel"
        >
          50GB Used
        </span>
        <span
          className="sc-ifAKCX jaBuUH sc-progressbar-bottomrightlabel"
        >
          50GB Free
        </span>
      </div>
    </div>
    <h3
      className="sc-iwsKbI kghVKP"
    >
      Different colors
    </h3>
    <div
      className="sc-bdVaJa elpbvZ sc-progressbar"
    >
      <div
        className="sc-EHOje kvGeEx"
      >
        <span
          className="sc-htpNat kJKoKL sc-progressbar-topLeftLabel"
        >
          50%
        </span>
        <span
          className="sc-bxivhb loHrXM sc-progressbar-toprightlabel"
        >
          100GB Total
        </span>
      </div>
      <div
        className="sc-bwzfXH idGPbB sc-progressbarcontainer"
        size="smaller"
      >
        <div
          className="sc-gzVnrw foSaKD"
          color="#2f67ac"
          width={50}
        />
        <span
          className="sc-htoDjs fuCEEC"
        >
          50%
        </span>
      </div>
      <div
        className="sc-EHOje sc-bZQynM dgHRVU"
      >
        <span
          className="sc-ifAKCX jaBuUH sc-progressbar-bottomleftlabel"
        >
          50GB Used
        </span>
        <span
          className="sc-ifAKCX jaBuUH sc-progressbar-bottomrightlabel"
        >
          50GB Free
        </span>
      </div>
    </div>
    <div
      className="sc-bdVaJa elpbvZ sc-progressbar"
    >
      <div
        className="sc-EHOje kvGeEx"
      >
        <span
          className="sc-htpNat kJKoKL sc-progressbar-topLeftLabel"
        >
          10%
        </span>
      </div>
      <div
        className="sc-bwzfXH idGPbB sc-progressbarcontainer"
        size="smaller"
      >
        <div
          className="sc-gzVnrw cOgprB"
          color="#ff5722"
          width={10}
        />
        <span
          className="sc-htoDjs fuCEEC"
        >
          10%
        </span>
      </div>
    </div>
    <div
      className="sc-bdVaJa elpbvZ sc-progressbar"
    >
      <div
        className="sc-EHOje kvGeEx"
      >
        <span
          className="sc-htpNat kJKoKL sc-progressbar-topLeftLabel"
        >
          90% Used
        </span>
        <span
          className="sc-bxivhb loHrXM sc-progressbar-toprightlabel"
        >
          100GB Total
        </span>
      </div>
      <div
        className="sc-bwzfXH idGPbB sc-progressbarcontainer"
        size="smaller"
      >
        <div
          className="sc-gzVnrw jxAtbd"
          color="#982803"
          width={90}
        />
        <span
          className="sc-htoDjs fuCEEC"
        >
          90%
        </span>
      </div>
    </div>
  </div>
</div>
`;
