// Jest Snapshot v1, https://goo.gl/fbAQLP

exports[`Storyshots Linechart Default 1`] = `
<div>
  <div
    className="sc-linechart sc-bdVaJa bDWFJH"
  >
    <div
      className="recharts-wrapper"
      style={
        Object {
          "cursor": "default",
          "height": 300,
          "position": "relative",
          "width": 600,
        }
      }
    >
      <svg
        className="recharts-surface"
        height={300}
        version="1.1"
        viewBox="0 0 600 300"
        width={600}
      >
        <defs>
          <clipPath
            id="recharts2-clip"
          >
            <rect
              height={260}
              width={530}
              x={65}
              y={5}
            />
          </clipPath>
        </defs>
        <g
          className="recharts-layer recharts-line"
        >
          <path
            className="recharts-curve recharts-line-curve"
            clipPath={null}
            d={null}
            fill="none"
            height={260}
            stroke="#8884d8"
            strokeDasharray="0px 0px"
            strokeWidth={1}
            width={530}
          />
        </g>
        <g
          className="recharts-cartesian-grid"
        >
          <g
            className="recharts-cartesian-grid-horizontal"
          >
            <line
              fill="none"
              height={260}
              stroke="#ccc"
              width={530}
              x={65}
              x1={65}
              x2={595}
              y={5}
              y1={5}
              y2={5}
            />
            <line
              fill="none"
              height={260}
              stroke="#ccc"
              width={530}
              x={65}
              x1={65}
              x2={595}
              y={5}
              y1={265}
              y2={265}
            />
          </g>
          <g
            className="recharts-cartesian-grid-vertical"
          >
            <line
              fill="none"
              height={260}
              stroke="#ccc"
              width={530}
              x={65}
              x1={65}
              x2={65}
              y={5}
              y1={5}
              y2={265}
            />
            <line
              fill="none"
              height={260}
              stroke="#ccc"
              width={530}
              x={65}
              x1={123.88888888888889}
              x2={123.88888888888889}
              y={5}
              y1={5}
              y2={265}
            />
            <line
              fill="none"
              height={260}
              stroke="#ccc"
              width={530}
              x={65}
              x1={182.77777777777777}
              x2={182.77777777777777}
              y={5}
              y1={5}
              y2={265}
            />
            <line
              fill="none"
              height={260}
              stroke="#ccc"
              width={530}
              x={65}
              x1={241.66666666666666}
              x2={241.66666666666666}
              y={5}
              y1={5}
              y2={265}
            />
            <line
              fill="none"
              height={260}
              stroke="#ccc"
              width={530}
              x={65}
              x1={300.55555555555554}
              x2={300.55555555555554}
              y={5}
              y1={5}
              y2={265}
            />
            <line
              fill="none"
              height={260}
              stroke="#ccc"
              width={530}
              x={65}
              x1={359.44444444444446}
              x2={359.44444444444446}
              y={5}
              y1={5}
              y2={265}
            />
            <line
              fill="none"
              height={260}
              stroke="#ccc"
              width={530}
              x={65}
              x1={418.3333333333333}
              x2={418.3333333333333}
              y={5}
              y1={5}
              y2={265}
            />
            <line
              fill="none"
              height={260}
              stroke="#ccc"
              width={530}
              x={65}
              x1={477.2222222222222}
              x2={477.2222222222222}
              y={5}
              y1={5}
              y2={265}
            />
            <line
              fill="none"
              height={260}
              stroke="#ccc"
              width={530}
              x={65}
              x1={536.1111111111111}
              x2={536.1111111111111}
              y={5}
              y1={5}
              y2={265}
            />
            <line
              fill="none"
              height={260}
              stroke="#ccc"
              width={530}
              x={65}
              x1={595}
              x2={595}
              y={5}
              y1={5}
              y2={265}
            />
          </g>
        </g>
        <g
          className="recharts-layer recharts-cartesian-axis recharts-xAxis xAxis"
        >
          <line
            className="recharts-cartesian-axis-line"
            fill="none"
            height={30}
            stroke="#666"
            width={530}
            x={65}
            x1={65}
            x2={595}
            y={265}
            y1={265}
            y2={265}
          />
          <g
            className="recharts-cartesian-axis-ticks"
          >
            <g
              className="recharts-layer recharts-cartesian-axis-tick"
            >
              <line
                className="recharts-cartesian-axis-tick-line"
                fill="none"
                height={30}
                stroke="#666"
                width={530}
                x={65}
                x1={65}
                x2={65}
                y={265}
                y1={271}
                y2={265}
              />
              <text
                className="recharts-text recharts-cartesian-axis-tick-value"
                fill="#666"
                height={30}
                stroke="none"
                textAnchor="middle"
                width={530}
                x={65}
                y={273}
              >
                <tspan
                  dy="0.71em"
                  x={65}
                >
                  
                </tspan>
              </text>
            </g>
            <g
              className="recharts-layer recharts-cartesian-axis-tick"
            >
              <line
                className="recharts-cartesian-axis-tick-line"
                fill="none"
                height={30}
                stroke="#666"
                width={530}
                x={65}
                x1={123.88888888888889}
                x2={123.88888888888889}
                y={265}
                y1={271}
                y2={265}
              />
              <text
                className="recharts-text recharts-cartesian-axis-tick-value"
                fill="#666"
                height={30}
                stroke="none"
                textAnchor="middle"
                width={530}
                x={123.88888888888889}
                y={273}
              >
                <tspan
                  dy="0.71em"
                  x={123.88888888888889}
                >
                  
                </tspan>
              </text>
            </g>
            <g
              className="recharts-layer recharts-cartesian-axis-tick"
            >
              <line
                className="recharts-cartesian-axis-tick-line"
                fill="none"
                height={30}
                stroke="#666"
                width={530}
                x={65}
                x1={182.77777777777777}
                x2={182.77777777777777}
                y={265}
                y1={271}
                y2={265}
              />
              <text
                className="recharts-text recharts-cartesian-axis-tick-value"
                fill="#666"
                height={30}
                stroke="none"
                textAnchor="middle"
                width={530}
                x={182.77777777777777}
                y={273}
              >
                <tspan
                  dy="0.71em"
                  x={182.77777777777777}
                >
                  
                </tspan>
              </text>
            </g>
            <g
              className="recharts-layer recharts-cartesian-axis-tick"
            >
              <line
                className="recharts-cartesian-axis-tick-line"
                fill="none"
                height={30}
                stroke="#666"
                width={530}
                x={65}
                x1={241.66666666666666}
                x2={241.66666666666666}
                y={265}
                y1={271}
                y2={265}
              />
              <text
                className="recharts-text recharts-cartesian-axis-tick-value"
                fill="#666"
                height={30}
                stroke="none"
                textAnchor="middle"
                width={530}
                x={241.66666666666666}
                y={273}
              >
                <tspan
                  dy="0.71em"
                  x={241.66666666666666}
                >
                  
                </tspan>
              </text>
            </g>
            <g
              className="recharts-layer recharts-cartesian-axis-tick"
            >
              <line
                className="recharts-cartesian-axis-tick-line"
                fill="none"
                height={30}
                stroke="#666"
                width={530}
                x={65}
                x1={300.55555555555554}
                x2={300.55555555555554}
                y={265}
                y1={271}
                y2={265}
              />
              <text
                className="recharts-text recharts-cartesian-axis-tick-value"
                fill="#666"
                height={30}
                stroke="none"
                textAnchor="middle"
                width={530}
                x={300.55555555555554}
                y={273}
              >
                <tspan
                  dy="0.71em"
                  x={300.55555555555554}
                >
                  
                </tspan>
              </text>
            </g>
            <g
              className="recharts-layer recharts-cartesian-axis-tick"
            >
              <line
                className="recharts-cartesian-axis-tick-line"
                fill="none"
                height={30}
                stroke="#666"
                width={530}
                x={65}
                x1={359.44444444444446}
                x2={359.44444444444446}
                y={265}
                y1={271}
                y2={265}
              />
              <text
                className="recharts-text recharts-cartesian-axis-tick-value"
                fill="#666"
                height={30}
                stroke="none"
                textAnchor="middle"
                width={530}
                x={359.44444444444446}
                y={273}
              >
                <tspan
                  dy="0.71em"
                  x={359.44444444444446}
                >
                  
                </tspan>
              </text>
            </g>
            <g
              className="recharts-layer recharts-cartesian-axis-tick"
            >
              <line
                className="recharts-cartesian-axis-tick-line"
                fill="none"
                height={30}
                stroke="#666"
                width={530}
                x={65}
                x1={418.3333333333333}
                x2={418.3333333333333}
                y={265}
                y1={271}
                y2={265}
              />
              <text
                className="recharts-text recharts-cartesian-axis-tick-value"
                fill="#666"
                height={30}
                stroke="none"
                textAnchor="middle"
                width={530}
                x={418.3333333333333}
                y={273}
              >
                <tspan
                  dy="0.71em"
                  x={418.3333333333333}
                >
                  
                </tspan>
              </text>
            </g>
            <g
              className="recharts-layer recharts-cartesian-axis-tick"
            >
              <line
                className="recharts-cartesian-axis-tick-line"
                fill="none"
                height={30}
                stroke="#666"
                width={530}
                x={65}
                x1={477.2222222222222}
                x2={477.2222222222222}
                y={265}
                y1={271}
                y2={265}
              />
              <text
                className="recharts-text recharts-cartesian-axis-tick-value"
                fill="#666"
                height={30}
                stroke="none"
                textAnchor="middle"
                width={530}
                x={477.2222222222222}
                y={273}
              >
                <tspan
                  dy="0.71em"
                  x={477.2222222222222}
                >
                  
                </tspan>
              </text>
            </g>
            <g
              className="recharts-layer recharts-cartesian-axis-tick"
            >
              <line
                className="recharts-cartesian-axis-tick-line"
                fill="none"
                height={30}
                stroke="#666"
                width={530}
                x={65}
                x1={536.1111111111111}
                x2={536.1111111111111}
                y={265}
                y1={271}
                y2={265}
              />
              <text
                className="recharts-text recharts-cartesian-axis-tick-value"
                fill="#666"
                height={30}
                stroke="none"
                textAnchor="middle"
                width={530}
                x={536.1111111111111}
                y={273}
              >
                <tspan
                  dy="0.71em"
                  x={536.1111111111111}
                >
                  
                </tspan>
              </text>
            </g>
            <g
              className="recharts-layer recharts-cartesian-axis-tick"
            >
              <line
                className="recharts-cartesian-axis-tick-line"
                fill="none"
                height={30}
                stroke="#666"
                width={530}
                x={65}
                x1={595}
                x2={595}
                y={265}
                y1={271}
                y2={265}
              />
              <text
                className="recharts-text recharts-cartesian-axis-tick-value"
                fill="#666"
                height={30}
                stroke="none"
                textAnchor="middle"
                width={530}
                x={595}
                y={273}
              >
                <tspan
                  dy="0.71em"
                  x={595}
                >
                  
                </tspan>
              </text>
            </g>
          </g>
        </g>
        <g
          className="recharts-layer recharts-cartesian-axis recharts-yAxis yAxis"
        >
          <line
            className="recharts-cartesian-axis-line"
            fill="none"
            height={260}
            stroke="#666"
            width={60}
            x={5}
            x1={65}
            x2={65}
            y={5}
            y1={5}
            y2={265}
          />
          <g
            className="recharts-cartesian-axis-ticks"
          />
        </g>
      </svg>
    </div>
  </div>
</div>
`;
