// Jest Snapshot v1, https://goo.gl/fbAQLP

exports[`Storyshots Dropdown Default 1`] = `
<div
  className="sc-VigVT ciOuIf storybook-dropdown"
>
  <h3
    className="sc-jTzLTM eWkzeL"
  >
    Dropdown with text/icon
  </h3>
  <div
    className="sc-htoDjs iIbcxe sc-dropdown"
  >
    <div
      className="sc-gqjmRU PdYCE trigger"
      onBlur={[Function]}
      onClick={[Function]}
      onFocus={[Function]}
      size="smaller"
      tabIndex="0"
    >
      <span
        className="sc-ifAKCX joVDVz"
        size="smaller"
      >
        <i
          className="fas fa-star"
        />
      </span>
      <span
        className="sc-EHOje boinrg sc-trigger-text"
      >
        Help
      </span>
      <span
        className="sc-gZMcBi cfFiuj"
      >
        <i
          className="fas fa-caret-down"
        />
      </span>
    </div>
  </div>
  <div
    className="sc-htoDjs iIbcxe sc-dropdown"
  >
    <div
      className="sc-gqjmRU hRZNKO trigger"
      onBlur={[Function]}
      onClick={[Function]}
      onFocus={[Function]}
      size="small"
      tabIndex="0"
    >
      <span
        className="sc-ifAKCX joVDVz"
        size="small"
      >
        <i
          className="fas fa-star"
        />
      </span>
      <span
        className="sc-EHOje boinrg sc-trigger-text"
      >
        Help
      </span>
      <span
        className="sc-gZMcBi cfFiuj"
      >
        <i
          className="fas fa-caret-down"
        />
      </span>
    </div>
  </div>
  <div
    className="sc-htoDjs iIbcxe sc-dropdown"
  >
    <div
      className="sc-gqjmRU bYdnZO trigger"
      onBlur={[Function]}
      onClick={[Function]}
      onFocus={[Function]}
      size="base"
      tabIndex="0"
    >
      <span
        className="sc-ifAKCX joVDVz"
        size="base"
      >
        <i
          className="fas fa-star"
        />
      </span>
      <span
        className="sc-EHOje boinrg sc-trigger-text"
      >
        Help
      </span>
      <span
        className="sc-gZMcBi cfFiuj"
      >
        <i
          className="fas fa-caret-down"
        />
      </span>
    </div>
  </div>
  <div
    className="sc-htoDjs iIbcxe sc-dropdown"
  >
    <div
      className="sc-gqjmRU dqhyfr trigger"
      onBlur={[Function]}
      onClick={[Function]}
      onFocus={[Function]}
      size="large"
      tabIndex="0"
    >
      <span
        className="sc-ifAKCX joVDVz"
        size="large"
      >
        <i
          className="fas fa-star"
        />
      </span>
      <span
        className="sc-EHOje boinrg sc-trigger-text"
      >
        Help
      </span>
      <span
        className="sc-gZMcBi cfFiuj"
      >
        <i
          className="fas fa-caret-down"
        />
      </span>
    </div>
  </div>
  <div
    className="sc-htoDjs iIbcxe sc-dropdown"
  >
    <div
      className="sc-gqjmRU emAYAA trigger"
      onBlur={[Function]}
      onClick={[Function]}
      onFocus={[Function]}
      size="larger"
      tabIndex="0"
    >
      <span
        className="sc-ifAKCX joVDVz"
        size="larger"
      >
        <i
          className="fas fa-star"
        />
      </span>
      <span
        className="sc-EHOje boinrg sc-trigger-text"
      >
        Help
      </span>
      <span
        className="sc-gZMcBi cfFiuj"
      >
        <i
          className="fas fa-caret-down"
        />
      </span>
    </div>
  </div>
  <h3
    className="sc-jTzLTM eWkzeL"
  >
    Dropdown with icon
  </h3>
  <div
    className="sc-htoDjs iIbcxe sc-dropdown"
  >
    <div
      className="sc-gqjmRU bYdnZO trigger"
      onBlur={[Function]}
      onClick={[Function]}
      onFocus={[Function]}
      size="base"
      tabIndex="0"
    >
      <span
        className="sc-ifAKCX bccMeP"
        size="base"
      >
        <i
          className="fas fa-star"
        />
      </span>
    </div>
  </div>
  <h3
    className="sc-jTzLTM eWkzeL"
  >
    Dropdown with text
  </h3>
  <div
    className="sc-htoDjs iIbcxe sc-dropdown"
  >
    <div
      className="sc-gqjmRU bYdnZO trigger"
      onBlur={[Function]}
      onClick={[Function]}
      onFocus={[Function]}
      size="base"
      tabIndex="0"
    >
      <span
        className="sc-EHOje boinrg sc-trigger-text"
      >
        Help
      </span>
      <span
        className="sc-gZMcBi cfFiuj"
      >
        <i
          className="fas fa-caret-down"
        />
      </span>
    </div>
  </div>
  <h3
    className="sc-jTzLTM eWkzeL"
  >
    Dropdown with variant
  </h3>
  <div
    className="sc-htoDjs iIbcxe sc-dropdown"
  >
    <div
      className="sc-gqjmRU bYdnZO trigger"
      onBlur={[Function]}
      onClick={[Function]}
      onFocus={[Function]}
      size="base"
      tabIndex="0"
    >
      <span
        className="sc-ifAKCX joVDVz"
        size="base"
      >
        <i
          className="fas fa-star"
        />
      </span>
      <span
        className="sc-EHOje boinrg sc-trigger-text"
      >
        primary
      </span>
      <span
        className="sc-gZMcBi cfFiuj"
      >
        <i
          className="fas fa-caret-down"
        />
      </span>
    </div>
  </div>
  <div
    className="sc-htoDjs iIbcxe sc-dropdown"
  >
    <div
      className="sc-gqjmRU eHGVzV trigger"
      onBlur={[Function]}
      onClick={[Function]}
      onFocus={[Function]}
      size="base"
      tabIndex="0"
    >
      <span
        className="sc-ifAKCX joVDVz"
        size="base"
      >
        <i
          className="fas fa-star"
        />
      </span>
      <span
        className="sc-EHOje boinrg sc-trigger-text"
      >
        secondary
      </span>
      <span
        className="sc-gZMcBi cfFiuj"
      >
        <i
          className="fas fa-caret-down"
        />
      </span>
    </div>
  </div>
  <div
    className="sc-htoDjs iIbcxe sc-dropdown"
  >
    <div
      className="sc-gqjmRU iUdIaI trigger"
      onBlur={[Function]}
      onClick={[Function]}
      onFocus={[Function]}
      size="base"
      tabIndex="0"
    >
      <span
        className="sc-ifAKCX joVDVz"
        size="base"
      >
        <i
          className="fas fa-star"
        />
      </span>
      <span
        className="sc-EHOje boinrg sc-trigger-text"
      >
        success
      </span>
      <span
        className="sc-gZMcBi cfFiuj"
      >
        <i
          className="fas fa-caret-down"
        />
      </span>
    </div>
  </div>
  <div
    className="sc-htoDjs iIbcxe sc-dropdown"
  >
    <div
      className="sc-gqjmRU gXyRVK trigger"
      onBlur={[Function]}
      onClick={[Function]}
      onFocus={[Function]}
      size="base"
      tabIndex="0"
    >
      <span
        className="sc-ifAKCX joVDVz"
        size="base"
      >
        <i
          className="fas fa-star"
        />
      </span>
      <span
        className="sc-EHOje boinrg sc-trigger-text"
      >
        info
      </span>
      <span
        className="sc-gZMcBi cfFiuj"
      >
        <i
          className="fas fa-caret-down"
        />
      </span>
    </div>
  </div>
  <div
    className="sc-htoDjs iIbcxe sc-dropdown"
  >
    <div
      className="sc-gqjmRU hVqecw trigger"
      onBlur={[Function]}
      onClick={[Function]}
      onFocus={[Function]}
      size="base"
      tabIndex="0"
    >
      <span
        className="sc-ifAKCX joVDVz"
        size="base"
      >
        <i
          className="fas fa-star"
        />
      </span>
      <span
        className="sc-EHOje boinrg sc-trigger-text"
      >
        warning
      </span>
      <span
        className="sc-gZMcBi cfFiuj"
      >
        <i
          className="fas fa-caret-down"
        />
      </span>
    </div>
  </div>
  <div
    className="sc-htoDjs iIbcxe sc-dropdown"
  >
    <div
      className="sc-gqjmRU eGcwNo trigger"
      onBlur={[Function]}
      onClick={[Function]}
      onFocus={[Function]}
      size="base"
      tabIndex="0"
    >
      <span
        className="sc-ifAKCX joVDVz"
        size="base"
      >
        <i
          className="fas fa-star"
        />
      </span>
      <span
        className="sc-EHOje boinrg sc-trigger-text"
      >
        danger
      </span>
      <span
        className="sc-gZMcBi cfFiuj"
      >
        <i
          className="fas fa-caret-down"
        />
      </span>
    </div>
  </div>
</div>
`;
