// Jest Snapshot v1, https://goo.gl/fbAQLP

exports[`Storyshots Dropdown Default 1`] = `
<div
  className="sc-VigVT ciOuIf storybook-dropdown"
>
  <h3
    className="sc-jTzLTM iPMRrm"
  >
    Dropdown with text/icon
  </h3>
  <div
    className="sc-htoDjs iIbcxe sc-dropdown"
  >
    <div
      className="sc-gqjmRU elGSqj trigger"
      onBlur={[Function]}
      onClick={[Function]}
      onFocus={[Function]}
      size="smaller"
      tabIndex="0"
    >
      <span
        className="sc-ifAKCX joVDVz"
        size="smaller"
      >
        <i
          className="fas fa-star"
        />
      </span>
      <span
        className="sc-EHOje boinrg sc-trigger-text"
      >
        Help
      </span>
      <span
        className="sc-gZMcBi cfFiuj"
      >
        <i
          className="fas fa-caret-down"
        />
      </span>
    </div>
  </div>
  <div
    className="sc-htoDjs iIbcxe sc-dropdown"
  >
    <div
      className="sc-gqjmRU ftAxIx trigger"
      onBlur={[Function]}
      onClick={[Function]}
      onFocus={[Function]}
      size="small"
      tabIndex="0"
    >
      <span
        className="sc-ifAKCX joVDVz"
        size="small"
      >
        <i
          className="fas fa-star"
        />
      </span>
      <span
        className="sc-EHOje boinrg sc-trigger-text"
      >
        Help
      </span>
      <span
        className="sc-gZMcBi cfFiuj"
      >
        <i
          className="fas fa-caret-down"
        />
      </span>
    </div>
  </div>
  <div
    className="sc-htoDjs iIbcxe sc-dropdown"
  >
    <div
      className="sc-gqjmRU hogoHt trigger"
      onBlur={[Function]}
      onClick={[Function]}
      onFocus={[Function]}
      size="base"
      tabIndex="0"
    >
      <span
        className="sc-ifAKCX joVDVz"
        size="base"
      >
        <i
          className="fas fa-star"
        />
      </span>
      <span
        className="sc-EHOje boinrg sc-trigger-text"
      >
        Help
      </span>
      <span
        className="sc-gZMcBi cfFiuj"
      >
        <i
          className="fas fa-caret-down"
        />
      </span>
    </div>
  </div>
  <div
    className="sc-htoDjs iIbcxe sc-dropdown"
  >
    <div
      className="sc-gqjmRU jFIEaO trigger"
      onBlur={[Function]}
      onClick={[Function]}
      onFocus={[Function]}
      size="large"
      tabIndex="0"
    >
      <span
        className="sc-ifAKCX joVDVz"
        size="large"
      >
        <i
          className="fas fa-star"
        />
      </span>
      <span
        className="sc-EHOje boinrg sc-trigger-text"
      >
        Help
      </span>
      <span
        className="sc-gZMcBi cfFiuj"
      >
        <i
          className="fas fa-caret-down"
        />
      </span>
    </div>
  </div>
  <div
    className="sc-htoDjs iIbcxe sc-dropdown"
  >
    <div
      className="sc-gqjmRU dZVVUo trigger"
      onBlur={[Function]}
      onClick={[Function]}
      onFocus={[Function]}
      size="larger"
      tabIndex="0"
    >
      <span
        className="sc-ifAKCX joVDVz"
        size="larger"
      >
        <i
          className="fas fa-star"
        />
      </span>
      <span
        className="sc-EHOje boinrg sc-trigger-text"
      >
        Help
      </span>
      <span
        className="sc-gZMcBi cfFiuj"
      >
        <i
          className="fas fa-caret-down"
        />
      </span>
    </div>
  </div>
  <h3
    className="sc-jTzLTM iPMRrm"
  >
    Dropdown with icon
  </h3>
  <div
    className="sc-htoDjs iIbcxe sc-dropdown"
  >
    <div
      className="sc-gqjmRU hogoHt trigger"
      onBlur={[Function]}
      onClick={[Function]}
      onFocus={[Function]}
      size="base"
      tabIndex="0"
    >
      <span
        className="sc-ifAKCX bccMeP"
        size="base"
      >
        <i
          className="fas fa-star"
        />
      </span>
    </div>
  </div>
  <h3
    className="sc-jTzLTM iPMRrm"
  >
    Dropdown with text
  </h3>
  <div
    className="sc-htoDjs iIbcxe sc-dropdown"
  >
    <div
      className="sc-gqjmRU hogoHt trigger"
      onBlur={[Function]}
      onClick={[Function]}
      onFocus={[Function]}
      size="base"
      tabIndex="0"
    >
      <span
        className="sc-EHOje boinrg sc-trigger-text"
      >
        Help
      </span>
      <span
        className="sc-gZMcBi cfFiuj"
      >
        <i
          className="fas fa-caret-down"
        />
      </span>
    </div>
  </div>
  <h3
    className="sc-jTzLTM iPMRrm"
  >
    Dropdown with variant
  </h3>
  <div
    className="sc-htoDjs iIbcxe sc-dropdown"
  >
    <div
      className="sc-gqjmRU hogoHt trigger"
      onBlur={[Function]}
      onClick={[Function]}
      onFocus={[Function]}
      size="base"
      tabIndex="0"
    >
      <span
        className="sc-ifAKCX joVDVz"
        size="base"
      >
        <i
          className="fas fa-star"
        />
      </span>
      <span
        className="sc-EHOje boinrg sc-trigger-text"
      >
        primary
      </span>
      <span
        className="sc-gZMcBi cfFiuj"
      >
        <i
          className="fas fa-caret-down"
        />
      </span>
    </div>
  </div>
  <div
    className="sc-htoDjs iIbcxe sc-dropdown"
  >
    <div
      className="sc-gqjmRU dropla trigger"
      onBlur={[Function]}
      onClick={[Function]}
      onFocus={[Function]}
      size="base"
      tabIndex="0"
    >
      <span
        className="sc-ifAKCX joVDVz"
        size="base"
      >
        <i
          className="fas fa-star"
        />
      </span>
      <span
        className="sc-EHOje boinrg sc-trigger-text"
      >
        secondary
      </span>
      <span
        className="sc-gZMcBi cfFiuj"
      >
        <i
          className="fas fa-caret-down"
        />
      </span>
    </div>
  </div>
  <div
    className="sc-htoDjs iIbcxe sc-dropdown"
  >
    <div
      className="sc-gqjmRU fJNeQP trigger"
      onBlur={[Function]}
      onClick={[Function]}
      onFocus={[Function]}
      size="base"
      tabIndex="0"
    >
      <span
        className="sc-ifAKCX joVDVz"
        size="base"
      >
        <i
          className="fas fa-star"
        />
      </span>
      <span
        className="sc-EHOje boinrg sc-trigger-text"
      >
        healthy
      </span>
      <span
        className="sc-gZMcBi cfFiuj"
      >
        <i
          className="fas fa-caret-down"
        />
      </span>
    </div>
  </div>
  <div
    className="sc-htoDjs iIbcxe sc-dropdown"
  >
    <div
      className="sc-gqjmRU bzQUpj trigger"
      onBlur={[Function]}
      onClick={[Function]}
      onFocus={[Function]}
      size="base"
      tabIndex="0"
    >
      <span
        className="sc-ifAKCX joVDVz"
        size="base"
      >
        <i
          className="fas fa-star"
        />
      </span>
      <span
        className="sc-EHOje boinrg sc-trigger-text"
      >
        info
      </span>
      <span
        className="sc-gZMcBi cfFiuj"
      >
        <i
          className="fas fa-caret-down"
        />
      </span>
    </div>
  </div>
  <div
    className="sc-htoDjs iIbcxe sc-dropdown"
  >
    <div
      className="sc-gqjmRU jCEBPE trigger"
      onBlur={[Function]}
      onClick={[Function]}
      onFocus={[Function]}
      size="base"
      tabIndex="0"
    >
      <span
        className="sc-ifAKCX joVDVz"
        size="base"
      >
        <i
          className="fas fa-star"
        />
      </span>
      <span
        className="sc-EHOje boinrg sc-trigger-text"
      >
        warning
      </span>
      <span
        className="sc-gZMcBi cfFiuj"
      >
        <i
          className="fas fa-caret-down"
        />
      </span>
    </div>
  </div>
  <div
    className="sc-htoDjs iIbcxe sc-dropdown"
  >
    <div
      className="sc-gqjmRU ckujpm trigger"
      onBlur={[Function]}
      onClick={[Function]}
      onFocus={[Function]}
      size="base"
      tabIndex="0"
    >
      <span
        className="sc-ifAKCX joVDVz"
        size="base"
      >
        <i
          className="fas fa-star"
        />
      </span>
      <span
        className="sc-EHOje boinrg sc-trigger-text"
      >
        critical
      </span>
      <span
        className="sc-gZMcBi cfFiuj"
      >
        <i
          className="fas fa-caret-down"
        />
      </span>
    </div>
  </div>
</div>
`;
