// Jest Snapshot v1, https://goo.gl/fbAQLP

exports[`Storyshots TextArea Default 1`] = `
<div
  className="sc-bwzfXH hilSGa"
>
  <h3
    className="sc-htpNat bnCVRm"
  >
    Text Area without label
  </h3>
  <textarea
    className="sc-bdVaJa kIwpfz sc-textarea"
    cols={10}
    id="text"
    onChange={[Function]}
    rows={10}
    value="Hello"
  />
  <h3
    className="sc-htpNat bnCVRm"
  >
    Text Area disabled
  </h3>
  <textarea
    className="sc-bdVaJa kIwpfz sc-textarea"
    cols={50}
    onChange={[Function]}
    placeholder="Text area input"
    rows={10}
    value=""
  />
</div>
`;
