// Jest Snapshot v1, https://goo.gl/fbAQLP

exports[`Storyshots Input Default 1`] = `
<div
  className="sc-gzVnrw cSMPxe"
>
  <h3
    className="sc-htoDjs jdMeHS"
  >
    Input without label
  </h3>
  <div
    className="sc-input sc-bxivhb iaQBfF"
  >
    <div
      className="sc-input-wrapper sc-bZQynM AMncx"
    >
      <input
        className="sc-input-type"
        data-cy="default_input"
        id="id1"
        onBlur={[Function]}
        onChange={[Function]}
        onKeyDown={[Function]}
        type="text"
        value="value"
      />
    </div>
  </div>
  <h3
    className="sc-htoDjs jdMeHS"
  >
    Input with label
  </h3>
  <div
    className="sc-input sc-bxivhb iaQBfF"
  >
    <label
      className="sc-input-label sc-ifAKCX gtuqkp"
      htmlFor="id2"
    >
      label
    </label>
    <div
      className="sc-input-wrapper sc-bZQynM AMncx"
    >
      <input
        className="sc-input-type"
        id="id2"
        onBlur={[Function]}
        onChange={[Function]}
        onKeyDown={[Function]}
        type="text"
        value="value"
      />
    </div>
  </div>
  <h3
    className="sc-htoDjs jdMeHS"
  >
    Input with error
  </h3>
  <div
    className="sc-input sc-bxivhb hRIJRa"
  >
    <label
      className="sc-input-label sc-ifAKCX gtuqkp"
      htmlFor="id3"
    >
      label
    </label>
    <div
      className="sc-input-wrapper sc-bZQynM AMncx"
    >
      <input
        className="sc-input-type"
        id="id3"
        onBlur={[Function]}
        onChange={[Function]}
        onKeyDown={[Function]}
        type="text"
        value="value"
      />
      <span
        className="sc-input-error sc-EHOje evwsgB"
      >
        error
      </span>
    </div>
  </div>
  <h3
    className="sc-htoDjs jdMeHS"
  >
    Input with long error
  </h3>
  <div
    className="sc-iwsKbI cChjqy"
  >
    <div
      className="sc-input sc-bxivhb hRIJRa"
    >
      <label
        className="sc-input-label sc-ifAKCX gtuqkp"
        htmlFor="id3"
      >
        label
      </label>
      <div
        className="sc-input-wrapper sc-bZQynM AMncx"
      >
        <input
          className="sc-input-type"
          id="id3"
          onBlur={[Function]}
          onChange={[Function]}
          onKeyDown={[Function]}
          type="text"
          value="value"
        />
        <span
          className="sc-input-error sc-EHOje evwsgB"
        >
          long error error error error error error error error error
        </span>
      </div>
    </div>
  </div>
  <h3
    className="sc-htoDjs jdMeHS"
  >
    Checkbox Input
  </h3>
  <div
    className="sc-input sc-bxivhb iaQBfF"
  >
    <label
      className="sc-input-label sc-ifAKCX gtuqkp"
      htmlFor="id4"
    >
      label
    </label>
    <div
      className="sc-input-wrapper sc-bZQynM AMncx"
    >
      <label
        checked={false}
        className="sc-checkbox sc-bwzfXH fiqgwR"
      >
        <input
          checked={false}
          id="id4"
          onChange={[Function]}
          type="checkbox"
          value="value"
        />
        <i
          className="fas fa-check"
        />
      </label>
    </div>
  </div>
  <h3
    className="sc-htoDjs jdMeHS"
  >
    Checkbox Input with error
  </h3>
  <div
    className="sc-input sc-bxivhb hRIJRa"
  >
    <label
      className="sc-input-label sc-ifAKCX gtuqkp"
      htmlFor="id5"
    >
      label
    </label>
    <div
      className="sc-input-wrapper sc-bZQynM AMncx"
    >
      <label
        checked={false}
        className="sc-checkbox sc-bwzfXH fiqgwR"
      >
        <input
          checked={false}
          id="id5"
          onChange={[Function]}
          type="checkbox"
          value="value"
        />
        <i
          className="fas fa-check"
        />
      </label>
      <span
        className="sc-input-error sc-EHOje evwsgB"
      >
        error
      </span>
    </div>
  </div>
  <h3
    className="sc-htoDjs jdMeHS"
  >
    Select Input
  </h3>
  <div
    className="sc-input sc-bxivhb iaQBfF"
  >
    <label
      className="sc-input-label sc-ifAKCX gtuqkp"
      htmlFor="id6"
    >
      label
    </label>
    <div
      className="sc-input-wrapper sc-bZQynM AMncx"
    >
      <div
        className="sc-select-container sc-htpNat hvWcaF"
      >
        <div
          className="sc-select css-2b097c-container"
          id="id6"
          onKeyDown={[Function]}
        >
          <div
            className="sc-select__control css-yk16xz-control"
            onMouseDown={[Function]}
            onTouchEnd={[Function]}
          >
            <div
              className="sc-select__value-container sc-select__value-container--has-value css-1hwfws3"
            >
              <div
                className="sc-select__single-value css-1uccc91-singleValue"
              >
                <div
                  className="sc-select-option-label"
                  data-cy="Item_0"
                  value={0}
                >
                  Item 0
                </div>
              </div>
              <div
                className="css-w8afj7-Input"
              >
                <div
                  className="sc-select__input"
                  style={
                    Object {
                      "display": "inline-block",
                    }
                  }
                >
                  <input
                    aria-autocomplete="list"
                    autoCapitalize="none"
                    autoComplete="off"
                    autoCorrect="off"
                    disabled={false}
                    id="react-select-2-input"
                    onBlur={[Function]}
                    onChange={[Function]}
                    onFocus={[Function]}
                    spellCheck="false"
                    style={
                      Object {
                        "background": 0,
                        "border": 0,
                        "boxSizing": "content-box",
                        "color": "inherit",
                        "fontSize": "inherit",
                        "label": "input",
                        "opacity": 1,
                        "outline": 0,
                        "padding": 0,
                        "width": "1px",
                      }
                    }
                    tabIndex="0"
                    type="text"
                    value=""
                  />
                  <div
                    style={
                      Object {
                        "height": 0,
                        "left": 0,
                        "overflow": "scroll",
                        "position": "absolute",
                        "top": 0,
                        "visibility": "hidden",
                        "whiteSpace": "pre",
                      }
                    }
                  >
                    
                  </div>
                </div>
              </div>
            </div>
            <div
              className="sc-select__indicators css-1g48xl4-IndicatorsContainer"
            >
              <span
                className="sc-select__indicator-separator css-1okebmr-indicatorSeparator"
              />
              <div
                aria-hidden="true"
                className="sc-select__indicator sc-select__dropdown-indicator css-tlfecz-indicatorContainer"
                onMouseDown={[Function]}
                onTouchEnd={[Function]}
              >
                <svg
                  aria-hidden="true"
                  className="css-tj5bde-Svg"
                  focusable="false"
                  height={20}
                  viewBox="0 0 20 20"
                  width={20}
                >
                  <path
                    d="M4.516 7.548c0.436-0.446 1.043-0.481 1.576 0l3.908 3.747 3.908-3.747c0.533-0.481 1.141-0.446 1.574 0 0.436 0.445 0.408 1.197 0 1.615-0.406 0.418-4.695 4.502-4.695 4.502-0.217 0.223-0.502 0.335-0.787 0.335s-0.57-0.112-0.789-0.335c0 0-4.287-4.084-4.695-4.502s-0.436-1.17 0-1.615z"
                  />
                </svg>
              </div>
            </div>
          </div>
        </div>
      </div>
    </div>
  </div>
</div>
`;
