// Jest Snapshot v1, https://goo.gl/fbAQLP

exports[`Storyshots Chips Default 1`] = `
<div
  className="storybook-chips sc-gZMcBi cINIPt"
>
  <h3
    className="sc-gqjmRU fdxAVz"
  >
    Basic Chip
  </h3>
  <div
    className="sc-chips sc-htoDjs jqGMYb"
    size="base"
  >
    <span
      className="sc-chips-text sc-iwsKbI jVLeHm"
    >
      Basic Chip
    </span>
  </div>
  <div
    className="sc-chips sc-htoDjs whGIN"
    size="base"
  >
    <span
      className="sc-chips-text sc-iwsKbI jVLeHm"
    >
      Basic Chip
    </span>
  </div>
  <div
    className="sc-chips sc-htoDjs cuJmuP"
    size="base"
  >
    <span
      className="sc-chips-text sc-iwsKbI jVLeHm"
    >
      Basic Chip
    </span>
  </div>
  <div
    className="sc-chips sc-htoDjs bbfnOM"
    size="base"
  >
    <span
      className="sc-chips-text sc-iwsKbI jVLeHm"
    >
      Basic Chip
    </span>
  </div>
  <h3
    className="sc-gqjmRU fdxAVz"
  >
    Clickable Chip
  </h3>
  <div
    className="sc-chips sc-htoDjs JlJaK"
    onClick={[Function]}
    size="base"
  >
    <span
      className="sc-chips-icon sc-dnqmqq dZWmEK"
      size="base"
    >
      <i
        className="fas fa-star"
      />
    </span>
    <span
      className="sc-chips-text sc-iwsKbI jkfBoi"
    >
      Clickable Chip
    </span>
  </div>
  <div
    className="sc-chips sc-htoDjs hgUZaE"
    onClick={[Function]}
    size="base"
  >
    <span
      className="sc-chips-icon sc-dnqmqq hIRPMN"
      size="base"
    >
      <i
        className="fas fa-star"
      />
    </span>
    <span
      className="sc-chips-text sc-iwsKbI jkfBoi"
    >
      Clickable Chip
    </span>
  </div>
  <div
    className="sc-chips sc-htoDjs fdlxek"
    onClick={[Function]}
    size="base"
  >
    <span
      className="sc-chips-icon sc-dnqmqq cZHBGj"
      size="base"
    >
      <i
        className="fas fa-star"
      />
    </span>
    <span
      className="sc-chips-text sc-iwsKbI jkfBoi"
    >
      Clickable Chip
    </span>
  </div>
  <div
    className="sc-chips sc-htoDjs kmedhs"
    onClick={[Function]}
    size="base"
  >
    <span
      className="sc-chips-icon sc-dnqmqq fmChSf"
      size="base"
    >
      <i
        className="fas fa-star"
      />
    </span>
    <span
      className="sc-chips-text sc-iwsKbI jkfBoi"
    >
      Clickable Chip
    </span>
  </div>
  <h3
    className="sc-gqjmRU fdxAVz"
  >
    Deletable Chip
  </h3>
  <div
    className="sc-chips sc-htoDjs jqGMYb"
    size="base"
  >
    <span
      className="sc-chips-icon sc-dnqmqq dZWmEK"
      size="base"
    >
      <i
        className="fas fa-star"
      />
    </span>
    <span
      className="sc-chips-text sc-iwsKbI jkfBoi"
      onRemove={[Function]}
    >
      Deletable
    </span>
    <button
      className="sc-chips-remove sc-bxivhb bGOshX"
      disabled={false}
      onClick={[Function]}
      size="base"
      title=""
      type="button"
    >
      <span
        className="sc-bZQynM iMWVsx"
      >
        <span
          className="sc-button-text"
        >
          <span
            className="sc-ifAKCX bccMeP"
            size="base"
          >
            <i
              className="fas fa-times"
            />
          </span>
          <span
            className="sc-EHOje boinrg"
          >
            
          </span>
        </span>
      </span>
    </button>
  </div>
  <div
    className="sc-chips sc-htoDjs kzVZhD"
    size="base"
  >
    <span
      className="sc-chips-icon sc-dnqmqq gETmra"
      size="base"
    >
      <i
        className="fas fa-star"
      />
    </span>
    <span
      className="sc-chips-text sc-iwsKbI jkfBoi"
      onRemove={[Function]}
    >
      Deletable
    </span>
    <button
      className="sc-chips-remove sc-bxivhb bGOshX"
      disabled={false}
      onClick={[Function]}
      size="base"
      title=""
      type="button"
    >
      <span
        className="sc-bZQynM iMWVsx"
      >
        <span
          className="sc-button-text"
        >
          <span
            className="sc-ifAKCX bccMeP"
            size="base"
          >
            <i
              className="fas fa-times"
            />
          </span>
          <span
            className="sc-EHOje boinrg"
          >
            
          </span>
        </span>
      </span>
    </button>
  </div>
  <div
    className="sc-chips sc-htoDjs whGIN"
    size="base"
  >
    <span
      className="sc-chips-icon sc-dnqmqq hIRPMN"
      size="base"
    >
      <i
        className="fas fa-star"
      />
    </span>
    <span
      className="sc-chips-text sc-iwsKbI jkfBoi"
      onRemove={[Function]}
    >
      Deletable
    </span>
    <button
      className="sc-chips-remove sc-bxivhb bGOshX"
      disabled={false}
      onClick={[Function]}
      size="base"
      title=""
      type="button"
    >
      <span
        className="sc-bZQynM iMWVsx"
      >
        <span
          className="sc-button-text"
        >
          <span
            className="sc-ifAKCX bccMeP"
            size="base"
          >
            <i
              className="fas fa-times"
            />
          </span>
          <span
            className="sc-EHOje boinrg"
          >
            
          </span>
        </span>
      </span>
    </button>
  </div>
  <div
    className="sc-chips sc-htoDjs cuJmuP"
    size="base"
  >
    <span
      className="sc-chips-icon sc-dnqmqq cZHBGj"
      size="base"
    >
      <i
        className="fas fa-star"
      />
    </span>
    <span
      className="sc-chips-text sc-iwsKbI jkfBoi"
      onRemove={[Function]}
    >
      Deletable
    </span>
    <button
      className="sc-chips-remove sc-bxivhb bGOshX"
      disabled={false}
      onClick={[Function]}
      size="base"
      title=""
      type="button"
    >
      <span
        className="sc-bZQynM iMWVsx"
      >
        <span
          className="sc-button-text"
        >
          <span
            className="sc-ifAKCX bccMeP"
            size="base"
          >
            <i
              className="fas fa-times"
            />
          </span>
          <span
            className="sc-EHOje boinrg"
          >
            
          </span>
        </span>
      </span>
    </button>
  </div>
  <div
    className="sc-chips sc-htoDjs bbfnOM"
    size="base"
  >
    <span
      className="sc-chips-icon sc-dnqmqq fmChSf"
      size="base"
    >
      <i
        className="fas fa-star"
      />
    </span>
    <span
      className="sc-chips-text sc-iwsKbI jkfBoi"
      onRemove={[Function]}
    >
      Deletable
    </span>
    <button
      className="sc-chips-remove sc-bxivhb bGOshX"
      disabled={false}
      onClick={[Function]}
      size="base"
      title=""
      type="button"
    >
      <span
        className="sc-bZQynM iMWVsx"
      >
        <span
          className="sc-button-text"
        >
          <span
            className="sc-ifAKCX bccMeP"
            size="base"
          >
            <i
              className="fas fa-times"
            />
          </span>
          <span
            className="sc-EHOje boinrg"
          >
            
          </span>
        </span>
      </span>
    </button>
  </div>
  <h3
    className="sc-gqjmRU fdxAVz"
  >
    Different sizes
  </h3>
  <div
    className="sc-chips sc-htoDjs crCBBr"
    size="smaller"
  >
    <span
      className="sc-chips-icon sc-dnqmqq dZWmEK"
      size="smaller"
    >
      <i
        className="fas fa-star"
      />
    </span>
    <span
      className="sc-chips-text sc-iwsKbI jkfBoi"
      onRemove={[Function]}
    >
      Smaller
    </span>
    <button
      className="sc-chips-remove sc-bxivhb fRmOTD"
      disabled={false}
      onClick={[Function]}
      size="smaller"
      title=""
      type="button"
    >
      <span
        className="sc-bZQynM iMWVsx"
      >
        <span
          className="sc-button-text"
        >
          <span
            className="sc-ifAKCX bccMeP"
            size="smaller"
          >
            <i
              className="fas fa-times"
            />
          </span>
          <span
            className="sc-EHOje boinrg"
          >
            
          </span>
        </span>
      </span>
    </button>
  </div>
  <div
    className="sc-chips sc-htoDjs fWQijn"
    size="small"
  >
    <span
      className="sc-chips-icon sc-dnqmqq gETmra"
      size="small"
    >
      <i
        className="fas fa-star"
      />
    </span>
    <span
      className="sc-chips-text sc-iwsKbI jkfBoi"
      onRemove={[Function]}
    >
      Small
    </span>
    <button
      className="sc-chips-remove sc-bxivhb LLhWa"
      disabled={false}
      onClick={[Function]}
      size="small"
      title=""
      type="button"
    >
      <span
        className="sc-bZQynM iMWVsx"
      >
        <span
          className="sc-button-text"
        >
          <span
            className="sc-ifAKCX bccMeP"
            size="small"
          >
            <i
              className="fas fa-times"
            />
          </span>
          <span
            className="sc-EHOje boinrg"
          >
            
          </span>
        </span>
      </span>
    </button>
  </div>
  <div
    className="sc-chips sc-htoDjs cuJmuP"
    size="base"
  >
    <span
      className="sc-chips-icon sc-dnqmqq cZHBGj"
      size="base"
    >
      <i
        className="fas fa-star"
      />
    </span>
    <span
      className="sc-chips-text sc-iwsKbI jkfBoi"
      onRemove={[Function]}
    >
      Base
    </span>
    <button
      className="sc-chips-remove sc-bxivhb bGOshX"
      disabled={false}
      onClick={[Function]}
      size="base"
      title=""
      type="button"
    >
      <span
        className="sc-bZQynM iMWVsx"
      >
        <span
          className="sc-button-text"
        >
          <span
            className="sc-ifAKCX bccMeP"
            size="base"
          >
            <i
              className="fas fa-times"
            />
          </span>
          <span
            className="sc-EHOje boinrg"
          >
            
          </span>
        </span>
      </span>
    </button>
  </div>
  <div
    className="sc-chips sc-htoDjs bMGhQI"
    size="large"
  >
    <span
      className="sc-chips-icon sc-dnqmqq hIRPMN"
      size="large"
    >
      <i
        className="fas fa-star"
      />
    </span>
    <span
      className="sc-chips-text sc-iwsKbI jkfBoi"
      onRemove={[Function]}
    >
      Large
    </span>
    <button
      className="sc-chips-remove sc-bxivhb fgMFFV"
      disabled={false}
      onClick={[Function]}
      size="large"
      title=""
      type="button"
    >
      <span
        className="sc-bZQynM iMWVsx"
      >
        <span
          className="sc-button-text"
        >
          <span
            className="sc-ifAKCX bccMeP"
            size="large"
          >
            <i
              className="fas fa-times"
            />
          </span>
          <span
            className="sc-EHOje boinrg"
          >
            
          </span>
        </span>
      </span>
    </button>
  </div>
  <div
    className="sc-chips sc-htoDjs kEgNOc"
    size="larger"
  >
    <span
      className="sc-chips-icon sc-dnqmqq cZHBGj"
      size="larger"
    >
      <i
        className="fas fa-star"
      />
    </span>
    <span
      className="sc-chips-text sc-iwsKbI jkfBoi"
      onRemove={[Function]}
    >
      Larger
    </span>
    <button
      className="sc-chips-remove sc-bxivhb krAwuY"
      disabled={false}
      onClick={[Function]}
      size="larger"
      title=""
      type="button"
    >
      <span
        className="sc-bZQynM iMWVsx"
      >
        <span
          className="sc-button-text"
        >
          <span
            className="sc-ifAKCX bccMeP"
            size="larger"
          >
            <i
              className="fas fa-times"
            />
          </span>
          <span
            className="sc-EHOje boinrg"
          >
            
          </span>
        </span>
      </span>
    </button>
  </div>
</div>
`;
