// Jest Snapshot v1, https://goo.gl/fbAQLP

exports[`Storyshots Checkbox Default 1`] = `
<div
  className="sc-htpNat hvdPGZ"
>
  <h3
    className="sc-bxivhb Igthg"
  >
    Checkbox checked
  </h3>
  <label
    checked={true}
    className="sc-bwzfXH ckJhMz sc-checkbox"
  >
    <input
      checked={true}
      data-cy="checked_checkbox"
      onChange={[Function]}
      type="checkbox"
    />
    <i
      className="fas fa-check"
    />
    <span
      className="sc-bdVaJa lbwSSl text"
    >
      interested?
    </span>
  </label>
  <h3
    className="sc-bxivhb Igthg"
  >
    Checkbox unchecked
  </h3>
  <label
    checked={false}
    className="sc-bwzfXH eHtcdR sc-checkbox"
  >
    <input
      checked={false}
      onChange={[Function]}
      type="checkbox"
    />
    <i
      className="fas fa-check"
    />
    <span
      className="sc-bdVaJa lbwSSl text"
    >
      interested?
    </span>
  </label>
  <h3
    className="sc-bxivhb Igthg"
  >
    Checkbox disabled
  </h3>
  <label
    checked={false}
    className="sc-bwzfXH gQWBVU sc-checkbox"
    disabled={true}
  >
    <input
      checked={false}
      disabled={true}
      onChange={[Function]}
      type="checkbox"
    />
    <i
      className="fas fa-check"
    />
    <span
      className="sc-bdVaJa lbwSSl text"
    >
      interested?
    </span>
  </label>
</div>
`;
