// Jest Snapshot v1, https://goo.gl/fbAQLP

exports[`Storyshots Tabs Default 1`] = `
<div>
  <h3>
    Default Tabs 
  </h3>
  <div
    className="sc-bdVaJa iROZJK sc-tabs"
  >
    <div
      className="sc-bwzfXH itIjAn sc-tabs-bar"
    >
      <div
        className="sc-htpNat jSgFvj sc-tabs-item"
        onClick={[Function]}
        selected={true}
      >
        <p
          className="sc-bxivhb cmXBdT sc-tabs-item-title"
          selected={true}
        >
          Detail
        </p>
      </div>
      <div
        className="sc-htpNat iPpPlk sc-tabs-item"
        onClick={[Function]}
        selected={false}
      >
        <p
          className="sc-bxivhb iBFlue sc-tabs-item-title"
          selected={false}
        >
          Pods
        </p>
      </div>
      <div
        className="sc-htpNat iPpPlk sc-tabs-item"
        onClick={[Function]}
        selected={false}
      >
        <p
          className="sc-bxivhb iBFlue sc-tabs-item-title"
          selected={false}
        >
          Volumes
        </p>
      </div>
    </div>
    <div
      className="sc-ifAKCX hpMKg sc-tabs-item-content"
    >
      Content
    </div>
  </div>
  <h3>
    Tabs with customized color
  </h3>
  <div
    className="sc-bdVaJa iROZJK sc-tabs"
  >
    <div
      className="sc-bwzfXH itIjAn sc-tabs-bar"
    >
      <div
        className="sc-htpNat jSgFvj sc-tabs-item"
        onClick={[Function]}
        selected={true}
      >
        <p
          className="sc-bxivhb djtaox sc-tabs-item-title"
          selected={true}
        >
          Detail
        </p>
      </div>
      <div
        className="sc-htpNat iPpPlk sc-tabs-item"
        onClick={[Function]}
        selected={false}
      >
        <p
          className="sc-bxivhb iBFlue sc-tabs-item-title"
          selected={false}
        >
          Pods
        </p>
      </div>
      <div
        className="sc-htpNat iPpPlk sc-tabs-item"
        onClick={[Function]}
        selected={false}
      >
        <p
          className="sc-bxivhb iBFlue sc-tabs-item-title"
          selected={false}
        >
          Volumes
        </p>
      </div>
    </div>
    <div
      className="sc-ifAKCX hpMKg sc-tabs-item-content"
    >
      Content
    </div>
  </div>
</div>
`;
