// Jest Snapshot v1, https://goo.gl/fbAQLP

exports[`Storyshots Breadcrumb Default 1`] = `
<div>
  <h3>
    Default Breadcrumb 
  </h3>
  <ol
    className="sc-bdVaJa uRaVh sc-breadcrumb"
  >
    <li
      className="sc-bwzfXH ivdgiW sc-breadcrumb_item"
    >
      <a
        href="home"
      >
        home
      </a>
    </li>
    <li
      className="sc-htpNat fmvEAc sc-breadcrumb_separator"
    >
      <i
        className="fas fa-chevron-right"
      />
    </li>
    <li
      className="sc-bwzfXH ivdgiW sc-breadcrumb_item"
    >
      <a
        href="clusters"
      >
        clusters
      </a>
    </li>
    <li
      className="sc-htpNat fmvEAc sc-breadcrumb_separator"
    >
      <i
        className="fas fa-chevron-right"
      />
    </li>
    <li
      className="sc-bwzfXH ivdgiW sc-breadcrumb_item"
    >
      <a
        href="cluster"
      >
        cluster_1
      </a>
    </li>
    <li
      className="sc-htpNat fmvEAc sc-breadcrumb_separator"
    >
      <i
        className="fas fa-chevron-right"
      />
    </li>
    <li
      className="sc-bwzfXH ivdgiW sc-breadcrumb_item"
    >
      <a
        href="nodes"
      >
        nodes
      </a>
    </li>
    <li
      className="sc-htpNat fmvEAc sc-breadcrumb_separator"
    >
      <i
        className="fas fa-chevron-right"
      />
    </li>
    <li
      className="sc-bwzfXH ivdgiW sc-breadcrumb_item"
    >
      <a
        href="node"
        title="node_longlonglonglonglonglonglonglonglonglonglong"
      >
        node_longlonglonglonglonglonglonglonglonglonglong
      </a>
    </li>
    <li
      className="sc-htpNat fmvEAc sc-breadcrumb_separator"
    >
      <i
        className="fas fa-chevron-right"
      />
    </li>
    <li
      className="sc-bwzfXH ivdgiW sc-breadcrumb_item"
    >
      <a
        href="volumes"
      >
        volumes
      </a>
    </li>
    <li
      className="sc-htpNat fmvEAc sc-breadcrumb_separator"
    >
      <i
        className="fas fa-chevron-right"
      />
    </li>
    <li
      className="sc-bwzfXH eZtnXH sc-breadcrumb_item"
    >
      <label
        title="volume_longlonglonglonglonglonglonglonglong"
      >
        volume_longlonglonglonglonglonglonglonglong
      </label>
    </li>
  </ol>
  <h3>
    Breadcrumb with customized color
  </h3>
  <ol
    className="sc-bdVaJa uRaVh sc-breadcrumb"
  >
    <li
      className="sc-bwzfXH cgzeoU sc-breadcrumb_item"
    >
      <a
        href="home"
      >
        home
      </a>
    </li>
    <li
      className="sc-htpNat fmvEAc sc-breadcrumb_separator"
    >
      <i
        className="fas fa-chevron-right"
      />
    </li>
    <li
      className="sc-bwzfXH cgzeoU sc-breadcrumb_item"
    >
      <a
        href="clusters"
      >
        clusters
      </a>
    </li>
    <li
      className="sc-htpNat fmvEAc sc-breadcrumb_separator"
    >
      <i
        className="fas fa-chevron-right"
      />
    </li>
    <li
      className="sc-bwzfXH cgzeoU sc-breadcrumb_item"
    >
      <a
        href="cluster"
      >
        cluster_1
      </a>
    </li>
    <li
      className="sc-htpNat fmvEAc sc-breadcrumb_separator"
    >
      <i
        className="fas fa-chevron-right"
      />
    </li>
    <li
      className="sc-bwzfXH cgzeoU sc-breadcrumb_item"
    >
      <a
        href="nodes"
      >
        nodes
      </a>
    </li>
    <li
      className="sc-htpNat fmvEAc sc-breadcrumb_separator"
    >
      <i
        className="fas fa-chevron-right"
      />
    </li>
    <li
      className="sc-bwzfXH cgzeoU sc-breadcrumb_item"
    >
      <a
        href="node"
        title="node_longlonglonglonglonglonglonglonglonglonglong"
      >
        node_longlonglonglonglonglonglonglonglonglonglong
      </a>
    </li>
    <li
      className="sc-htpNat fmvEAc sc-breadcrumb_separator"
    >
      <i
        className="fas fa-chevron-right"
      />
    </li>
    <li
      className="sc-bwzfXH cgzeoU sc-breadcrumb_item"
    >
      <a
        href="volumes"
      >
        volumes
      </a>
    </li>
    <li
      className="sc-htpNat fmvEAc sc-breadcrumb_separator"
    >
      <i
        className="fas fa-chevron-right"
      />
    </li>
    <li
      className="sc-bwzfXH ipfFVV sc-breadcrumb_item"
    >
      <label>
        volume_1
      </label>
    </li>
  </ol>
</div>
`;
