// Jest Snapshot v1, https://goo.gl/fbAQLP

exports[`Storyshots Tooltip Default 1`] = `
<div
  style={
    Object {
      "display": "flex",
      "flexDirection": "column",
    }
  }
>
  <div>
    <h3>
      Default Tooltip
    </h3>
    <div
      className="sc-tooltip sc-bdVaJa jCeSos"
      onMouseEnter={[Function]}
      onMouseLeave={[Function]}
    >
      <span>
        Hover here!
      </span>
    </div>
  </div>
  <div>
    <h3>
      Tooltip right
    </h3>
    <div
      className="sc-tooltip sc-bdVaJa jCeSos"
      onMouseEnter={[Function]}
      onMouseLeave={[Function]}
    >
      <span>
        Hover here!
      </span>
    </div>
  </div>
  <div
    style={
      Object {
        "marginLeft": "100px",
      }
    }
  >
    <h3>
      Tooltip left
    </h3>
    <div
      className="sc-tooltip sc-bdVaJa jCeSos"
      onMouseEnter={[Function]}
      onMouseLeave={[Function]}
    >
      <span>
        Hover here!
      </span>
    </div>
  </div>
  <div>
    <h3>
      Tooltip bottom
    </h3>
    <div
      className="sc-tooltip sc-bdVaJa jCeSos"
      onMouseEnter={[Function]}
      onMouseLeave={[Function]}
    >
      <span>
        Hover here!
      </span>
    </div>
  </div>
  <div>
    <h3>
      Customize your tooltip style
    </h3>
    <div
      className="sc-tooltip sc-bdVaJa jCeSos"
      onMouseEnter={[Function]}
      onMouseLeave={[Function]}
    >
      <span>
        Hover here!
      </span>
    </div>
  </div>
  <div>
    <h3>
      Tooltip with button
    </h3>
    <div
      className="sc-tooltip sc-bdVaJa jCeSos"
      onMouseEnter={[Function]}
      onMouseLeave={[Function]}
    >
      <button
        className="sc-button sc-EHOje iuHLAD"
        disabled={false}
        size="small"
        title=""
        type="button"
      >
        <span
          className="sc-htoDjs fHktW"
        >
          <span
            className="sc-button-text"
          >
            <span
              className="sc-gzVnrw jIdixa"
            >
              Hover here
            </span>
          </span>
        </span>
      </button>
    </div>
  </div>
  <div>
    <h3>
      add icon in the overlay of tooltip
    </h3>
    <div
      className="sc-tooltip sc-bdVaJa jCeSos"
      onMouseEnter={[Function]}
      onMouseLeave={[Function]}
    >
      <span>
        tooltip with icon
      </span>
    </div>
  </div>
  <div>
    <h3>
      Tooltip doesn't trigger
    </h3>
    <div
      className="sc-tooltip sc-bdVaJa jCeSos"
      onMouseEnter={[Function]}
      onMouseLeave={[Function]}
    >
      <span>
        Hover here!
      </span>
    </div>
  </div>
</div>
`;
