// Jest Snapshot v1, https://goo.gl/fbAQLP

exports[`Storyshots Notifications Default 1`] = `
<div
  className="sc-EHOje jlgJjP"
>
  <div
    className="sc-ifAKCX foTAQB sc-notifications"
  >
    <div
      className="sc-bdVaJa fuAYVT sc-notification"
      data-cy="Carlito_notification"
      onMouseEnter={[Function]}
      onMouseLeave={[Function]}
    >
      <div
        className="sc-bwzfXH kumyrY"
      >
        Hi
      </div>
      <div>
        I am Carlito. I live at TOP_RIGHT
      </div>
      <div
        className="sc-bxivhb iITFSd"
        onClick={[Function]}
      >
        <i
          className="fas fa-times"
        />
      </div>
    </div>
    <div
      className="sc-bdVaJa kheLfk sc-notification"
      data-cy="Patrick_notification"
      onMouseEnter={[Function]}
      onMouseLeave={[Function]}
    >
      <div
        className="sc-bwzfXH kumyrY"
      >
        Hi
      </div>
      <div>
        I am Patrick. I live at TOP_RIGHT
      </div>
      <div
        className="sc-bxivhb iITFSd"
        onClick={[Function]}
      >
        <i
          className="fas fa-times"
        />
      </div>
    </div>
  </div>
  <div
    className="sc-ifAKCX rJoNA sc-notifications"
  >
    <div
      className="sc-bdVaJa euocbl sc-notification"
      onMouseEnter={[Function]}
      onMouseLeave={[Function]}
    >
      <div
        className="sc-bwzfXH kumyrY"
      >
        Hi
      </div>
      <div>
        I am Jordi. I live at TOP_LEFT
      </div>
      <div
        className="sc-bxivhb iITFSd"
        onClick={[Function]}
      >
        <i
          className="fas fa-times"
        />
      </div>
    </div>
    <div
      className="sc-bdVaJa MnSNT sc-notification"
      onMouseEnter={[Function]}
      onMouseLeave={[Function]}
    >
      <div
        className="sc-bwzfXH kumyrY"
      >
        Hi
      </div>
      <div>
        I am Guidllaume. I live at TOP_LEFT
      </div>
      <div
        className="sc-htpNat exAJUA"
        max={10000}
        value={0}
      />
      <div
        className="sc-bxivhb iITFSd"
        onClick={[Function]}
      >
        <i
          className="fas fa-times"
        />
      </div>
    </div>
  </div>
  <div
    className="sc-ifAKCX fQVauU sc-notifications"
  >
    <div
      className="sc-bdVaJa eieSyr sc-notification"
      onMouseEnter={[Function]}
      onMouseLeave={[Function]}
    >
      <div
        className="sc-bwzfXH kumyrY"
      >
        Hi
      </div>
      <div>
        I am Teddy. I live at BOTTOM_LEFT
      </div>
      <div
        className="sc-bxivhb iITFSd"
        onClick={[Function]}
      >
        <i
          className="fas fa-times"
        />
      </div>
    </div>
    <div
      className="sc-bdVaJa bWBilp sc-notification"
      onMouseEnter={[Function]}
      onMouseLeave={[Function]}
    >
      <div
        className="sc-bwzfXH kumyrY"
      >
        Hi
      </div>
      <div>
        I am Saif. I live at BOTTOM_LEFT
      </div>
      <div
        className="sc-htpNat gkkqDW"
        max={5000}
        value={0}
      />
      <div
        className="sc-bxivhb iITFSd"
        onClick={[Function]}
      >
        <i
          className="fas fa-times"
        />
      </div>
    </div>
  </div>
  <div
    className="sc-ifAKCX dsdPyg sc-notifications"
  >
    <div
      className="sc-bdVaJa euocbl sc-notification"
      onMouseEnter={[Function]}
      onMouseLeave={[Function]}
    >
      <div
        className="sc-bwzfXH kumyrY"
      >
        Hi
      </div>
      <div>
        I am Charles. I live at BOTTOM_RIGHT
      </div>
      <div
        className="sc-bxivhb iITFSd"
        onClick={[Function]}
      >
        <i
          className="fas fa-times"
        />
      </div>
    </div>
    <div
      className="sc-bdVaJa eieSyr sc-notification"
      onMouseEnter={[Function]}
      onMouseLeave={[Function]}
    >
      <div
        className="sc-bwzfXH kumyrY"
      >
        Hi
      </div>
      <div>
        I am Claude. I live at BOTTOM_RIGHT
      </div>
      <div
        className="sc-bxivhb iITFSd"
        onClick={[Function]}
      >
        <i
          className="fas fa-times"
        />
      </div>
    </div>
  </div>
</div>
`;
