// Jest Snapshot v1, https://goo.gl/fbAQLP

exports[`Storyshots Notifications Default 1`] = `
<div>
  <div
    className="sc-notifications sc-gqjmRU bSQwCu"
  >
    <div
      className="sc-notification sc-htoDjs iJaLkP"
    >
      <div
        className="sc-dnqmqq fChpCA"
      >
        Hi
      </div>
      <div>
        I am Carlito. I live at TOP_RIGHT
      </div>
      <div
        className="sc-iwsKbI bPAano"
        value={0}
      />
      <div
        className="sc-gZMcBi gwcgHY"
        onClick={[Function]}
      >
        <i
          className="fas fa-times"
        />
      </div>
    </div>
    <div
      className="sc-notification sc-htoDjs fiiBBZ"
    >
      <div
        className="sc-dnqmqq fChpCA"
      >
        Hi
      </div>
      <div>
        I am Patrick. I live at TOP_RIGHT
      </div>
      <div
        className="sc-iwsKbI kqpNBg"
        value={0}
      />
      <div
        className="sc-gZMcBi gwcgHY"
        onClick={[Function]}
      >
        <i
          className="fas fa-times"
        />
      </div>
    </div>
  </div>
  <div
    className="sc-notifications sc-gqjmRU cPXWBc"
  >
    <div
      className="sc-notification sc-htoDjs dCtEfn"
    >
      <div
        className="sc-dnqmqq fChpCA"
      >
        Hi
      </div>
      <div>
        I am Jordi. I live at TOP_LEFT
      </div>
      <div
        className="sc-iwsKbI qwTTx"
        value={0}
      />
      <div
        className="sc-gZMcBi gwcgHY"
        onClick={[Function]}
      >
        <i
          className="fas fa-times"
        />
      </div>
    </div>
    <div
      className="sc-notification sc-htoDjs CTlgA"
    >
      <div
        className="sc-dnqmqq fChpCA"
      >
        Hi
      </div>
      <div>
        I am Guillaume. I live at TOP_LEFT
      </div>
      <div
        className="sc-iwsKbI fwqiQS"
        max={10000}
        value={0}
      />
      <div
        className="sc-gZMcBi gwcgHY"
        onClick={[Function]}
      >
        <i
          className="fas fa-times"
        />
      </div>
    </div>
  </div>
  <div
    className="sc-notifications sc-gqjmRU eokZvu"
  >
    <div
      className="sc-notification sc-htoDjs fEDxWu"
    >
      <div
        className="sc-dnqmqq fChpCA"
      >
        Hi
      </div>
      <div>
        I am Teddy. I live at BOTTOM_LEFT
      </div>
      <div
        className="sc-iwsKbI elrvNz"
        value={0}
      />
      <div
        className="sc-gZMcBi gwcgHY"
        onClick={[Function]}
      >
        <i
          className="fas fa-times"
        />
      </div>
    </div>
    <div
      className="sc-notification sc-htoDjs hrgOQB"
    >
      <div
        className="sc-dnqmqq fChpCA"
      >
        Hi
      </div>
      <div>
        I am Saif. I live at BOTTOM_LEFT
      </div>
      <div
        className="sc-iwsKbI krNqle"
        max={5000}
        value={0}
      />
      <div
        className="sc-gZMcBi gwcgHY"
        onClick={[Function]}
      >
        <i
          className="fas fa-times"
        />
      </div>
    </div>
  </div>
  <div
    className="sc-notifications sc-gqjmRU bKfRMB"
  >
    <div
      className="sc-notification sc-htoDjs dCtEfn"
    >
      <div
        className="sc-dnqmqq fChpCA"
      >
        Hi
      </div>
      <div>
        I am Charles. I live at BOTTOM_RIGHT
      </div>
      <div
        className="sc-iwsKbI qwTTx"
        value={0}
      />
      <div
        className="sc-gZMcBi gwcgHY"
        onClick={[Function]}
      >
        <i
          className="fas fa-times"
        />
      </div>
    </div>
    <div
      className="sc-notification sc-htoDjs fEDxWu"
    >
      <div
        className="sc-dnqmqq fChpCA"
      >
        Hi
      </div>
      <div>
        I am Claude. I live at BOTTOM_RIGHT
      </div>
      <div
        className="sc-iwsKbI elrvNz"
        value={0}
      />
      <div
        className="sc-gZMcBi gwcgHY"
        onClick={[Function]}
      >
        <i
          className="fas fa-times"
        />
      </div>
    </div>
  </div>
</div>
`;
