// Jest Snapshot v1, https://goo.gl/fbAQLP

exports[`Storyshots SearchInput Default 1`] = `
<div
  className="sc-gqjmRU UnXZa"
>
  <h3
    className="sc-VigVT bUtIAa"
  >
    Default
  </h3>
  <div
    style={
      Object {
        "width": "250px",
      }
    }
  >
    <div
      className="sc-htoDjs gpFhwS sc-searchinput"
    >
      <div
        className="sc-ifAKCX jhteBm sc-input"
        type="text"
      >
        <div
          className="sc-gzVnrw kvhoeX sc-input-wrapper"
        >
          <input
            autoComplete="off"
            className="sc-input-type"
            name="search"
            onBlur={[Function]}
            onChange={[Function]}
            onKeyDown={[Function]}
            placeholder="Search server..."
            type="text"
            value=""
          />
        </div>
      </div>
      <button
        className="sc-dnqmqq sc-iwsKbI dYeHPL"
        disabled={false}
        onClick={[Function]}
      >
        <i
          className="fas fa-search"
        />
      </button>
      <button
        className="sc-dnqmqq sc-gZMcBi cEYUXt"
        onClick={[Function]}
      >
        <i
          className="fas fa-times-circle"
        />
      </button>
    </div>
  </div>
  <h3
    className="sc-VigVT bUtIAa"
  >
    Search Input filled
  </h3>
  <div
    style={
      Object {
        "width": "250px",
      }
    }
  >
    <div
      className="sc-htoDjs gpFhwS sc-searchinput"
      data-cy="carlito_searchinput"
    >
      <div
        className="sc-ifAKCX jhteBm sc-input"
        type="text"
      >
        <div
          className="sc-gzVnrw kvhoeX sc-input-wrapper"
        >
          <input
            autoComplete="off"
            className="sc-input-type"
            name="search"
            onBlur={[Function]}
            onChange={[Function]}
            onKeyDown={[Function]}
            type="text"
            value="carlito"
          />
        </div>
      </div>
      <button
        className="sc-dnqmqq sc-iwsKbI dYeHPL"
        disabled={false}
        onClick={[Function]}
      >
        <i
          className="fas fa-search"
        />
      </button>
      <button
        className="sc-dnqmqq sc-gZMcBi cEYUXt"
        onClick={[Function]}
      >
        <i
          className="fas fa-times-circle"
        />
      </button>
    </div>
  </div>
  <h3
    className="sc-VigVT bUtIAa"
  >
    Disable the default toggle
  </h3>
  <div
    style={
      Object {
        "width": "250px",
      }
    }
  >
    <div
      className="sc-htoDjs cAmcWy sc-searchinput"
    >
      <div
        className="sc-ifAKCX jhteBm sc-input"
        type="text"
      >
        <div
          className="sc-gzVnrw kvhoeX sc-input-wrapper"
        >
          <input
            autoComplete="off"
            className="sc-input-type"
            name="search"
            onBlur={[Function]}
            onChange={[Function]}
            onKeyDown={[Function]}
            placeholder="Search and Filter…"
            type="text"
            value=""
          />
        </div>
      </div>
      <button
        className="sc-dnqmqq sc-iwsKbI gzLEzg"
        disabled={true}
        onClick={[Function]}
      >
        <i
          className="fas fa-search"
        />
      </button>
      <button
        className="sc-dnqmqq sc-gZMcBi cEYUXt"
        onClick={[Function]}
      >
        <i
          className="fas fa-times-circle"
        />
      </button>
    </div>
  </div>
  <h3
    className="sc-VigVT bUtIAa"
  >
    Disable the default toggle undefined onReset action
  </h3>
  <div
    style={
      Object {
        "width": "250px",
      }
    }
  >
    <div
      className="sc-htoDjs cAmcWy sc-searchinput"
    >
      <div
        className="sc-ifAKCX jhteBm sc-input"
        type="text"
      >
        <div
          className="sc-gzVnrw kvhoeX sc-input-wrapper"
        >
          <input
            autoComplete="off"
            className="sc-input-type"
            name="search"
            onBlur={[Function]}
            onChange={[Function]}
            onKeyDown={[Function]}
            placeholder="Search and Filter…"
            type="text"
            value=""
          />
        </div>
      </div>
      <button
        className="sc-dnqmqq sc-iwsKbI gzLEzg"
        disabled={true}
        onClick={[Function]}
      >
        <i
          className="fas fa-search"
        />
      </button>
      <button
        className="sc-dnqmqq sc-gZMcBi cEYUXt"
        onClick={[Function]}
      >
        <i
          className="fas fa-times-circle"
        />
      </button>
    </div>
  </div>
</div>
`;
